3 could not convert string to float: 'a+'
